S-NX9300_2# show ip route
IP Route Table for VRF "default"
'*' denotes best ucast next-hop
'**' denotes best mcast next-hop
'[x/y]' denotes [preference/metric]
'%<string>' in via output denotes VRF <string>

1.1.1.1/32, ubest/mbest: 1/0
    *via 172.16.1.3, Eth1/1, [110/2], 01:49:15, ospf-10, intra
1.1.1.2/32, ubest/mbest: 1/0
    *via 172.16.2.3, Eth1/2, [110/2], 01:49:15, ospf-10, intra
1.1.1.3/32, ubest/mbest: 1/0
    *via 172.16.3.3, Eth1/3, [110/2], 01:49:15, ospf-10, intra
2.2.2.1/32, ubest/mbest: 2/0
    *via 172.16.1.3, Eth1/1, [110/3], 01:49:15, ospf-10, intra
    *via 172.16.3.3, Eth1/3, [110/3], 01:49:15, ospf-10, intra
2.2.2.2/32, ubest/mbest: 2/0, attached
    *via 2.2.2.2, Lo0, [0/0], 08:48:14, local
    *via 2.2.2.2, Lo0, [0/0], 08:48:14, direct
172.16.1.0/31, ubest/mbest: 1/0
    *via 172.16.1.3, Eth1/1, [110/2], 01:49:15, ospf-10, intra
172.16.1.2/31, ubest/mbest: 1/0, attached
    *via 172.16.1.2, Eth1/1, [0/0], 08:48:13, direct
172.16.1.2/32, ubest/mbest: 1/0, attached
    *via 172.16.1.2, Eth1/1, [0/0], 08:48:13, local
172.16.2.0/31, ubest/mbest: 2/0
    *via 172.16.1.3, Eth1/1, [110/3], 01:49:15, ospf-10, intra
    *via 172.16.3.3, Eth1/3, [110/3], 01:49:15, ospf-10, intra
172.16.2.2/31, ubest/mbest: 1/0, attached
    *via 172.16.2.2, Eth1/2, [0/0], 08:48:13, direct
172.16.2.2/32, ubest/mbest: 1/0, attached
    *via 172.16.2.2, Eth1/2, [0/0], 08:48:13, local
172.16.3.0/31, ubest/mbest: 1/0
    *via 172.16.3.3, Eth1/3, [110/2], 01:49:15, ospf-10, intra
172.16.3.2/31, ubest/mbest: 1/0, attached
    *via 172.16.3.2, Eth1/3, [0/0], 08:48:11, direct
172.16.3.2/32, ubest/mbest: 1/0, attached
    *via 172.16.3.2, Eth1/3, [0/0], 08:48:11, local

S-NX9300_2# show ip ospf neighbors
 OSPF Process ID 10 VRF default
 Total number of neighbors: 3
 Neighbor ID     Pri State            Up Time  Address         Interface
 1.1.1.1           1 FULL/DR          01:55:08 172.16.1.3      Eth1/1
 1.1.1.2           1 FULL/DR          01:55:05 172.16.2.3      Eth1/2
 1.1.1.3           1 FULL/DR          01:55:05 172.16.3.3      Eth1/3
S-NX9300_2# ping 2.2.2.1 count 1
PING 2.2.2.1 (2.2.2.1): 56 data bytes
64 bytes from 2.2.2.1: icmp_seq=0 ttl=253 time=17.272 ms

--- 2.2.2.1 ping statistics ---
1 packets transmitted, 1 packets received, 0.00% packet loss
round-trip min/avg/max = 17.272/17.271/17.272 ms
S-NX9300_2# ping 2.2.2.2 count 1
PING 2.2.2.2 (2.2.2.2): 56 data bytes
64 bytes from 2.2.2.2: icmp_seq=0 ttl=255 time=2.402 ms

--- 2.2.2.2 ping statistics ---
1 packets transmitted, 1 packets received, 0.00% packet loss
round-trip min/avg/max = 2.402/2.402/2.402 ms
S-NX9300_2#  ping 1.1.1.1 count 1
PING 1.1.1.1 (1.1.1.1): 56 data bytes
64 bytes from 1.1.1.1: icmp_seq=0 ttl=254 time=5.718 ms

--- 1.1.1.1 ping statistics ---
1 packets transmitted, 1 packets received, 0.00% packet loss
round-trip min/avg/max = 5.718/5.717/5.718 ms
S-NX9300_2#  ping 1.1.1.2 count 1
PING 1.1.1.2 (1.1.1.2): 56 data bytes
64 bytes from 1.1.1.2: icmp_seq=0 ttl=254 time=8.381 ms

--- 1.1.1.2 ping statistics ---
1 packets transmitted, 1 packets received, 0.00% packet loss
round-trip min/avg/max = 8.381/8.381/8.381 ms
S-NX9300_2#  ping 1.1.1.3 count 1
PING 1.1.1.3 (1.1.1.3): 56 data bytes
64 bytes from 1.1.1.3: icmp_seq=0 ttl=254 time=5.77 ms

--- 1.1.1.3 ping statistics ---
1 packets transmitted, 1 packets received, 0.00% packet loss
round-trip min/avg/max = 5.77/5.769/5.77 ms
S-NX9300_2# show run

!Command: show running-config
!Running configuration last done at: Mon Oct  2 19:50:21 2023
!Time: Mon Oct  2 20:17:52 2023

version 9.3(10) Bios:version
hostname S-NX9300_2
vdc S-NX9300_2 id 1
  limit-resource vlan minimum 16 maximum 4094
  limit-resource vrf minimum 2 maximum 4096
  limit-resource port-channel minimum 0 maximum 511
  limit-resource u4route-mem minimum 128 maximum 128
  limit-resource u6route-mem minimum 96 maximum 96
  limit-resource m4route-mem minimum 58 maximum 58
  limit-resource m6route-mem minimum 8 maximum 8

feature ospf
feature bfd

no password strength-check
username admin password 5 $5$JMEIOP$NluYln9P9sKC1EfF5WWC0FA61TnwCHggZTctjr79Ji7
 role network-admin
ip domain-lookup
copp profile strict
bfd ipv4 interval 100 min_rx 100 multiplier 3
rmon event 1 log trap public description FATAL(1) owner PMON@FATAL
rmon event 2 log trap public description CRITICAL(2) owner PMON@CRITICAL
rmon event 3 log trap public description ERROR(3) owner PMON@ERROR
rmon event 4 log trap public description WARNING(4) owner PMON@WARNING
rmon event 5 log trap public description INFORMATION(5) owner PMON@INFO

vlan 1

vrf context management

interface Ethernet1/1
  no switchport
  no ip redirects
  ip address 172.16.1.2/31
  ip ospf authentication message-digest
  ip ospf message-digest-key 1 md5 3 01cee192a36f2db2
  no ip ospf passive-interface
  ip router ospf 10 area 0.0.0.0
  no shutdown

interface Ethernet1/2
  no switchport
  no ip redirects
  ip address 172.16.2.2/31
  ip ospf authentication message-digest
  ip ospf message-digest-key 1 md5 3 01cee192a36f2db2
  no ip ospf passive-interface
  ip router ospf 10 area 0.0.0.0
  no shutdown

interface Ethernet1/3
  no switchport
  ip address 172.16.3.2/31
  ip ospf authentication message-digest
  ip ospf message-digest-key 1 md5 3 01cee192a36f2db2
  no ip ospf passive-interface
  ip router ospf 10 area 0.0.0.0
  no shutdown

interface Ethernet1/4

interface Ethernet1/5

interface Ethernet1/6

interface Ethernet1/7

interface Ethernet1/8

interface Ethernet1/9

interface Ethernet1/10

interface Ethernet1/11

interface Ethernet1/12

interface Ethernet1/13

interface Ethernet1/14

interface Ethernet1/15

interface Ethernet1/16

interface Ethernet1/17

interface Ethernet1/18

interface Ethernet1/19

interface Ethernet1/20

interface Ethernet1/21

interface Ethernet1/22

interface Ethernet1/23

interface Ethernet1/24

interface Ethernet1/25

interface Ethernet1/26

interface Ethernet1/27

interface Ethernet1/28

interface Ethernet1/29

interface Ethernet1/30

interface Ethernet1/31

interface Ethernet1/32

interface Ethernet1/33

interface Ethernet1/34

interface Ethernet1/35

interface Ethernet1/36

interface Ethernet1/37

interface Ethernet1/38

interface Ethernet1/39

interface Ethernet1/40

interface Ethernet1/41

interface Ethernet1/42

interface Ethernet1/43

interface Ethernet1/44

interface Ethernet1/45

interface Ethernet1/46

interface Ethernet1/47

interface Ethernet1/48

interface Ethernet1/49

interface Ethernet1/50

interface Ethernet1/51

interface Ethernet1/52

interface Ethernet1/53

interface Ethernet1/54

interface Ethernet1/55

interface Ethernet1/56

interface Ethernet1/57

interface Ethernet1/58

interface Ethernet1/59

interface Ethernet1/60

interface Ethernet1/61

interface Ethernet1/62

interface Ethernet1/63

interface Ethernet1/64

interface mgmt0
  vrf member management

interface loopback0
  ip address 2.2.2.2/32
  ip router ospf 10 area 0.0.0.0
icam monitor scale

line console
line vty
boot nxos bootflash:/nxos.9.3.10.bin sup-1
router ospf 10
  bfd
  router-id 2.2.2.2
  auto-cost reference-bandwidth 1000 Mbps
  passive-interface default

